// Jest Snapshot v1, https://goo.gl/fbAQLP

exports[`TopBarNavItem renders correctly 1`] = `
.emotion-0 {
  -webkit-text-decoration: none;
  text-decoration: none;
  color: #333;
  font-size: 16px;
  font-weight: thin;
  background-color: transparent;
}

@media screen and (min-width: 40em) {
  .emotion-0 {
    font-size: 16px;
  }
}

@media screen and (min-width: 52em) {
  .emotion-0 {
    font-size: 20px;
  }
}

.emotion-0:hover {
  background-color: #c0eeee;
}

.emotion-0:focus {
  outline: none;
  box-shadow: focus;
  -webkit-text-decoration: none;
  text-decoration: none;
}

.emotion-1 {
  display: -webkit-box;
  display: -webkit-flex;
  display: -ms-flexbox;
  display: flex;
  height: 100%;
  -webkit-align-items: center;
  -webkit-box-align: center;
  -ms-flex-align: center;
  align-items: center;
  padding-left: 8px;
  padding-right: 8px;
}

@media screen and (min-width: 40em) {
  .emotion-1 {
    padding-left: 8px;
    padding-right: 8px;
  }
}

@media screen and (min-width: 52em) {
  .emotion-1 {
    padding-left: 16px;
    padding-right: 16px;
  }
}

<a
  className="emotion-0"
  href="/"
>
  <div
    className="emotion-1"
  >
    home
  </div>
</a>
`;

exports[`TopBarNavItem renders the active variant correctly 1`] = `
.emotion-0 {
  -webkit-text-decoration: none;
  text-decoration: none;
  color: #333;
  font-size: 16px;
  font-weight: thin;
  background-color: transparent;
}

@media screen and (min-width: 40em) {
  .emotion-0 {
    font-size: 16px;
  }
}

@media screen and (min-width: 52em) {
  .emotion-0 {
    font-size: 20px;
  }
}

.emotion-0:hover {
  background-color: #c0eeee;
}

.emotion-0:focus {
  outline: none;
  box-shadow: focus;
  -webkit-text-decoration: none;
  text-decoration: none;
}

.emotion-1 {
  display: -webkit-box;
  display: -webkit-flex;
  display: -ms-flexbox;
  display: flex;
  height: 100%;
  -webkit-align-items: center;
  -webkit-box-align: center;
  -ms-flex-align: center;
  align-items: center;
  padding-left: 8px;
  padding-right: 8px;
}

@media screen and (min-width: 40em) {
  .emotion-1 {
    padding-left: 8px;
    padding-right: 8px;
  }
}

@media screen and (min-width: 52em) {
  .emotion-1 {
    padding-left: 16px;
    padding-right: 16px;
  }
}

<a
  className="emotion-0"
  href="/"
>
  <div
    className="emotion-1"
  >
    home
  </div>
</a>
`;
